league: 10 Day Mayhem (ORE004)
typeline: Vaal Orb
price1: chaosleague: 10 Day Mayhem (ORE004)
typeline: Exalted Orb
price1: chaosleague: 10 Day Mayhem (ORE004)
typeline: Orb of Fusing
price1: chaosleague: 10 Day Mayhem (ORE004)
typeline: Gemcutter's Prism
price1: chaosleague: 10 Day Mayhem (ORE004)
typeline: Vaal Orb
price1: chaosleague: 10 Day Mayhem (ORE004)
typeline: Orb of Alteration
price1: chaosleague: 10 Day Mayhem (ORE004)
typeline: Chromatic Orb
price1: chaosleague: 10 Day Mayhem (ORE004)
typeline: Orb of Alchemy
price1: chaosleague: 10 Day Mayhem (ORE004)
typeline: Vaal Orb
price1: chaosleague: 10 Day Mayhem (ORE004)
typeline: Orb of Fusing
price1: chaosleague: 10 Day Mayhem (ORE004)
typeline: Chaos Orb
price1: jewleague: 10 Day Mayhem (ORE004)
typeline: Orb of Regret
price1: chaosleague: 10 Day Mayhem (ORE004)
typeline: Orb of Fusing
price1: chaosleague: 10 Day Mayhem (ORE004)
typeline: Chromatic Orb
price1: chaosleague: 10 Day Mayhem (ORE004)
typeline: Orb of Alteration
price1: chaosleague: 10 Day Mayhem (ORE004)
typeline: Orb of Fusing
price1: chaosleague: 10 Day Mayhem (ORE004)
typeline: Chaos Orb
price1: fuseleague: 10 Day Mayhem (ORE004)
typeline: Orb of Fusing
price1: chaosleague: 10 Day Mayhem (ORE004)
typeline: Chaos Orb
price1: fuseleague: 10 Day Mayhem (ORE004)
typeline: Orb of Scouring
price1: chaosleague: 10 Day Mayhem (ORE004)
typeline: Chaos Orb
price1: jewleague: 10 Day Mayhem (ORE004)
typeline: Orb of Regret
price1: chaosleague: 10 Day Mayhem (ORE004)
typeline: Chaos Orb
price1: fuseleague: 10 Day Mayhem (ORE004)
typeline: Chromatic Orb
price1: chaosleague: 10 Day Mayhem HC (ORE005)
typeline: Exalted Orb
price1: chaosleague: 10 Day Mayhem (ORE004)
typeline: Chaos Orb
price1: fuseleague: 10 Day Mayhem (ORE004)
typeline: Chromatic Orb
price1: chaosleague: 10 Day Mayhem (ORE004)
typeline: Regal Orb
price1: chaosleague: 10 Day Mayhem (ORE004)
typeline: Orb of Regret
price1: chaosleague: 10 Day Mayhem (ORE004)
typeline: Chromatic Orb
price1: chaosleague: 10 Day Mayhem (ORE004)
typeline: Vaal Orb
price1: chaosleague: 10 Day Mayhem (ORE004)
typeline: Exalted Orb
price1: chaosleague: 10 Day Mayhem (ORE004)
typeline: Orb of Regret
price1: chaosleague: 10 Day Mayhem (ORE004)
typeline: Orb of Fusing
price1: chaosleague: 10 Day Mayhem (ORE004)
typeline: Divine Orb
price1: chaosleague: 10 Day Mayhem (ORE004)
typeline: Orb of Alchemy
price1: chaosleague: 10 Day Mayhem (ORE004)
typeline: Jeweller's Orb
price1: chaosleague: 10 Day Mayhem (ORE004)
typeline: Orb of Chance
price1: chaosleague: 10 Day Mayhem (ORE004)
typeline: Regal Orb
price1: chaosleague: 10 Day Mayhem (ORE004)
typeline: Cartographer's Chisel
price1: chaosleague: 10 Day Mayhem (ORE004)
typeline: Exalted Orb
price1: chaosleague: 10 Day Mayhem (ORE004)
typeline: Chromatic Orb
price1: chaosleague: 10 Day Mayhem (ORE004)
typeline: Silver Coin
price1: chaosleague: 10 Day Mayhem (ORE004)
typeline: Orb of Fusing
price1: chaosleague: 10 Day Mayhem (ORE004)
typeline: Chromatic Orb
price1: chaosleague: 10 Day Mayhem (ORE004)
typeline: Orb of Alteration
price1: chaosleague: 10 Day Mayhem (ORE004)
typeline: Orb of Fusing
price1: chaosleague: 10 Day Mayhem (ORE004)
typeline: Chaos Orb
price1: jewleague: 10 Day Mayhem (ORE004)
typeline: Orb of Regret
price1: chaosleague: 10 Day Mayhem (ORE004)
typeline: Orb of Alteration
price1: chaosleague: 10 Day Mayhem (ORE004)
typeline: Orb of Regret
price1: chaosleague: 10 Day Mayhem (ORE004)
typeline: Glassblower's Bauble
price1: chaosleague: 10 Day Mayhem (ORE004)
typeline: Orb of Scouring
price1: chaosleague: 10 Day Mayhem HC (ORE005)
typeline: Silver Coin
price1: chaosleague: 10 Day Mayhem (ORE004)
typeline: Orb of Regret
price1: chaosleague: 10 Day Mayhem (ORE004)
typeline: Vaal Orb
price1: chaosleague: 10 Day Mayhem (ORE004)
typeline: Orb of Alteration
price1: chaosleague: 10 Day Mayhem (ORE004)
typeline: Chaos Orb
price1: chaosleague: 10 Day Mayhem HC (ORE005)
typeline: Exalted Orb
price1: chaosleague: 10 Day Mayhem (ORE004)
typeline: Silver Coin
price1: chaosleague: 10 Day Mayhem (ORE004)
typeline: Chaos Orb
price1: jewleague: 10 Day Mayhem (ORE004)
typeline: Orb of Regret
price1: chaosleague: 10 Day Mayhem HC (ORE005)
typeline: Exalted Orb
price1: chaosleague: 10 Day Mayhem (ORE004)
typeline: Silver Coin
price1: chaosleague: 10 Day Mayhem (ORE004)
typeline: Vaal Orb
price1: chaosleague: 10 Day Mayhem (ORE004)
typeline: Exalted Orb
price1: chaosleague: 10 Day Mayhem (ORE004)
typeline: Orb of Fusing
price1: chaosleague: 10 Day Mayhem (ORE004)
typeline: Gemcutter's Prism
price1: chaosleague: 10 Day Mayhem (ORE004)
typeline: Exalted Orb
price1: chaosleague: 10 Day Mayhem (ORE004)
typeline: Silver Coin
price1: chaosleague: 10 Day Mayhem (ORE004)
typeline: Orb of Alteration
price1: chaosleague: 10 Day Mayhem (ORE004)
typeline: Orb of Regret
price1: chaosleague: 10 Day Mayhem (ORE004)
typeline: Glassblower's Bauble
price1: chaosleague: 10 Day Mayhem (ORE004)
typeline: Orb of Scouring
price1: chaosleague: 10 Day Mayhem (ORE004)
typeline: Chaos Orb
price1: exaleague: 10 Day Mayhem (ORE004)
typeline: Orb of Alteration
price1: chaosleague: 10 Day Mayhem (ORE004)
typeline: Orb of Regret
price1: chaosleague: 10 Day Mayhem (ORE004)
typeline: Glassblower's Bauble
price1: chaosleague: 10 Day Mayhem (ORE004)
typeline: Orb of Scouring
price1: chaosleague: 10 Day Mayhem (ORE004)
typeline: Orb of Alteration
price1: chaosleague: 10 Day Mayhem (ORE004)
typeline: Chromatic Orb
price1: chaosleague: 10 Day Mayhem (ORE004)
typeline: Orb of Fusing
price1: chaosleague: 10 Day Mayhem (ORE004)
typeline: Chromatic Orb
price1: chaosleague: 10 Day Mayhem (ORE004)
typeline: Orb of Alteration
price1: chaosleague: 10 Day Mayhem (ORE004)
typeline: Chromatic Orb
price1: chaosleague: 10 Day Mayhem (ORE004)
typeline: Orb of Alchemy
price1: chaosleague: 10 Day Mayhem (ORE004)
typeline: Vaal Orb
price1: chaosleague: 10 Day Mayhem (ORE004)
typeline: Orb of Fusing
price1: chaosleague: 10 Day Mayhem (ORE004)
typeline: Chromatic Orb
price1: chaosleague: 10 Day Mayhem (ORE004)
typeline: Orb of Alteration
price1: chaosleague: 10 Day Mayhem (ORE004)
typeline: Silver Coin
price1: chaosleague: 10 Day Mayhem (ORE004)
typeline: Orb of Alteration
price1: chaosleague: 10 Day Mayhem (ORE004)
typeline: Orb of Alteration
price1: chaosleague: 10 Day Mayhem (ORE004)
typeline: Chromatic Orb
price1: chaosleague: 10 Day Mayhem (ORE004)
typeline: Orb of Fusing
price1: chaosleague: 10 Day Mayhem (ORE004)
typeline: Chromatic Orb
price1: chaosleague: 10 Day Mayhem (ORE004)
typeline: Orb of Alteration
price1: chaosleague: 10 Day Mayhem (ORE004)
typeline: Chromatic Orb
price1: chaosleague: 10 Day Mayhem (ORE004)
typeline: Orb of Alteration
price1: chaosleague: 10 Day Mayhem (ORE004)
typeline: Orb of Regret
price1: chaosleague: 10 Day Mayhem (ORE004)
typeline: Glassblower's Bauble
price1: chaosleague: 10 Day Mayhem (ORE004)
typeline: Armourer's Scrap
price1: chaosleague: 10 Day Mayhem (ORE004)
typeline: Blacksmith's Whetstone
price1: chaosleague: 10 Day Mayhem (ORE004)
typeline: Scroll of Wisdom
price1: chaosleague: 10 Day Mayhem (ORE004)
typeline: Glassblower's Bauble
price1: chaosleague: 10 Day Mayhem (ORE004)
typeline: Armourer's Scrap
price1: chaosleague: 10 Day Mayhem (ORE004)
typeline: Blacksmith's Whetstone
price1: chaosleague: 10 Day Mayhem (ORE004)
typeline: Scroll of Wisdom
price1: chaosleague: 10 Day Mayhem (ORE004)
typeline: Cartographer's Chisel
price1: jewleague: 10 Day Mayhem (ORE004)
typeline: Orb of Fusing
price1: chaosleague: 10 Day Mayhem (ORE004)
typeline: Divine Orb
price1: chaosleague: 10 Day Mayhem (ORE004)
typeline: Orb of Alchemy
price1: chaosleague: 10 Day Mayhem (ORE004)
typeline: Jeweller's Orb
price1: chaosleague: 10 Day Mayhem (ORE004)
typeline: Orb of Chance
price1: chaosleague: 10 Day Mayhem (ORE004)
typeline: Regal Orb
price1: chaosleague: 10 Day Mayhem (ORE004)
typeline: Cartographer's Chisel
price1: chaosleague: 10 Day Mayhem (ORE004)
typeline: Exalted Orb
price1: chaosleague: 10 Day Mayhem (ORE004)
typeline: Chromatic Orb
price1: chaosleague: 10 Day Mayhem (ORE004)
typeline: Silver Coin
price1: chaosleague: 10 Day Mayhem (ORE004)
typeline: Chromatic Orb
price1: chaosleague: 10 Day Mayhem (ORE004)
typeline: Orb of Alteration
price1: chaosleague: 10 Day Mayhem (ORE004)
typeline: Orb of Regret
price1: chaosleague: 10 Day Mayhem (ORE004)
typeline: Orb of Fusing
price1: chaosleague: 10 Day Mayhem (ORE004)
typeline: Vaal Orb
price1: chaosleague: 10 Day Mayhem (ORE004)
typeline: Orb of Alteration
price1: chaosleague: 10 Day Mayhem (ORE004)
typeline: Vaal Orb
price1: chaosleague: 10 Day Mayhem (ORE004)
typeline: Orb of Alteration
price1: chaosleague: 10 Day Mayhem (ORE004)
typeline: Exalted Orb
price1: chaosleague: 10 Day Mayhem (ORE004)
typeline: Chromatic Orb
price1: chaosleague: 10 Day Mayhem (ORE004)
typeline: Gemcutter's Prism
price1: chaosleague: 10 Day Mayhem (ORE004)
typeline: Orb of Fusing
price1: chaosleague: 10 Day Mayhem (ORE004)
typeline: Divine Orb
price1: chaosleague: 10 Day Mayhem (ORE004)
typeline: Orb of Alchemy
price1: chaosleague: 10 Day Mayhem (ORE004)
typeline: Jeweller's Orb
price1: chaosleague: 10 Day Mayhem (ORE004)
typeline: Orb of Chance
price1: chaosleague: 10 Day Mayhem (ORE004)
typeline: Regal Orb
price1: chaosleague: 10 Day Mayhem (ORE004)
typeline: Cartographer's Chisel
price1: chaosleague: 10 Day Mayhem (ORE004)
typeline: Exalted Orb
price1: chaosleague: 10 Day Mayhem (ORE004)
typeline: Chromatic Orb
price1: chaosleague: 10 Day Mayhem (ORE004)
typeline: Silver Coin
price1: chaosleague: 10 Day Mayhem HC (ORE005)
typeline: Orb of Alteration
price1: chaosleague: 10 Day Mayhem (ORE004)
typeline: Orb of Regret
price1: chaosleague: 10 Day Mayhem (ORE004)
typeline: Chromatic Orb
price1: chaosleague: 10 Day Mayhem (ORE004)
typeline: Orb of Alteration
price1: chaosleague: 10 Day Mayhem (ORE004)
typeline: Regal Orb
price1: chaosleague: 10 Day Mayhem (ORE004)
typeline: Chromatic Orb
price1: chaos
league: 10 Day Mayhem (ORE004)
typeline: Orb of Scouring
price1: chaos
league: 10 Day Mayhem (ORE004)
typeline: Chaos Orb
price1: fuse
league: 10 Day Mayhem (ORE004)
typeline: Exalted Orb
price1: chaos
league: 10 Day Mayhem HC (ORE005)
typeline: Silver Coin
price1: chaos
league: 10 Day Mayhem HC (ORE005)
typeline: Exalted Orb
price1: chaos
league: 10 Day Mayhem (ORE004)
typeline: Vaal Orb
price1: chaos
league: 10 Day Mayhem (ORE004)
typeline: Orb of Fusing
price1: chaos
league: 10 Day Mayhem (ORE004)
typeline: Chromatic Orb
price1: chaos
league: 10 Day Mayhem (ORE004)
typeline: Orb of Alteration
price1: chaos
league: 10 Day Mayhem (ORE004)
typeline: Orb of Fusing
price1: chaos
league: 10 Day Mayhem (ORE004)
typeline: Chaos Orb
price1: jew
league: 10 Day Mayhem (ORE004)
typeline: Orb of Alteration
price1: chaos
league: 10 Day Mayhem (ORE004)
typeline: Orb of Regret
price1: chaos
league: 10 Day Mayhem (ORE004)
typeline: Glassblower's Bauble
price1: chaos
league: 10 Day Mayhem (ORE004)
typeline: Orb of Scouring
price1: chaos
league: 10 Day Mayhem (ORE004)
typeline: Chaos Orb
price1: chaos
league: 10 Day Mayhem (ORE004)
typeline: Chaos Orb
price1: jew
league: 10 Day Mayhem (ORE004)
typeline: Orb of Regret
price1: chaos
league: 10 Day Mayhem (ORE004)
typeline: Chromatic Orb
price1: chaos
league: 10 Day Mayhem (ORE004)
typeline: Orb of Alchemy
price1: chaos
league: 10 Day Mayhem (ORE004)
typeline: Vaal Orb
price1: chaos
league: 10 Day Mayhem (ORE004)
typeline: Orb of Fusing
price1: chaos
league: 10 Day Mayhem (ORE004)
typeline: Orb of Alteration
price1: chaos
league: 10 Day Mayhem (ORE004)
typeline: Chromatic Orb
price1: chaos
league: 10 Day Mayhem (ORE004)
typeline: Orb of Fusing
price1: chaos
league: 10 Day Mayhem (ORE004)
typeline: Exalted Orb
price1: chaos
league: 10 Day Mayhem (ORE004)
typeline: Chaos Orb
price1: exa
league: 10 Day Mayhem (ORE004)
typeline: Silver Coin
price1: chaos
league: 10 Day Mayhem (ORE004)
typeline: Orb of Alteration
price1: chaos
league: 10 Day Mayhem (ORE004)
typeline: Glassblower's Bauble
price1: chaos
league: 10 Day Mayhem (ORE004)
typeline: Armourer's Scrap
price1: chaos
league: 10 Day Mayhem (ORE004)
typeline: Blacksmith's Whetstone
price1: chaos
league: 10 Day Mayhem (ORE004)
typeline: Scroll of Wisdom
price1: chaos
league: 10 Day Mayhem (ORE004)
typeline: Cartographer's Chisel
price1: jew
league: 10 Day Mayhem (ORE004)
typeline: Orb of Regret
price1: chaos
league: 10 Day Mayhem (ORE004)
typeline: Orb of Fusing
price1: chaos
league: 10 Day Mayhem (ORE004)
typeline: Vaal Orb
price1: chaos
league: 10 Day Mayhem (ORE004)
typeline: Orb of Alteration
price1: chaos
league: 10 Day Mayhem (ORE004)
typeline: Exalted Orb
price1: chaos
league: 10 Day Mayhem (ORE004)
typeline: Chromatic Orb
price1: chaos
league: 10 Day Mayhem (ORE004)
typeline: Orb of Fusing
price1: chaos
league: 10 Day Mayhem (ORE004)
typeline: Divine Orb
price1: chaos
league: 10 Day Mayhem (ORE004)
typeline: Orb of Alchemy
price1: chaos
league: 10 Day Mayhem (ORE004)
typeline: Jeweller's Orb
price1: chaos
league: 10 Day Mayhem (ORE004)
typeline: Orb of Chance
price1: chaos
league: 10 Day Mayhem (ORE004)
typeline: Regal Orb
price1: chaos
league: 10 Day Mayhem (ORE004)
typeline: Cartographer's Chisel
price1: chaos
league: 10 Day Mayhem (ORE004)
typeline: Exalted Orb
price1: chaos
league: 10 Day Mayhem (ORE004)
typeline: Chromatic Orb
price1: chaos
league: 10 Day Mayhem (ORE004)
typeline: Silver Coin
price1: chaos
league: 10 Day Mayhem (ORE004)
typeline: Chromatic Orb
price1: chaos
league: 10 Day Mayhem (ORE004)
typeline: Orb of Alteration
price1: chaos
league: 10 Day Mayhem (ORE004)
typeline: Orb of Regret
price1: chaos
league: 10 Day Mayhem (ORE004)
typeline: Gemcutter's Prism
price1: chaos
league: 10 Day Mayhem (ORE004)
typeline: Regal Orb
price1: chaos
league: 10 Day Mayhem (ORE004)
typeline: Vaal Orb
price1: chaos
league: 10 Day Mayhem (ORE004)
typeline: Blacksmith's Whetstone
price1: chaos
league: 10 Day Mayhem (ORE004)
typeline: Armourer's Scrap
price1: chaos
league: 10 Day Mayhem (ORE004)
typeline: Glassblower's Bauble
price1: chaos
league: 10 Day Mayhem (ORE004)
typeline: Gemcutter's Prism
price1: chaos
league: 10 Day Mayhem HC (ORE005)
typeline: Exalted Orb
price1: chaos
league: 10 Day Mayhem (ORE004)
typeline: Orb of Regret
price1: chaos
league: 10 Day Mayhem (ORE004)
typeline: Vaal Orb
price1: chaos
league: 10 Day Mayhem (ORE004)
typeline: Gemcutter's Prism
price1: chaos
league: 10 Day Mayhem (ORE004)
typeline: Orb of Alchemy
price1: chaos
league: 10 Day Mayhem (ORE004)
typeline: Orb of Fusing
price1: chaos
league: 10 Day Mayhem (ORE004)
typeline: Silver Coin
price1: chaos
league: 10 Day Mayhem (ORE004)
typeline: Orb of Regret
price1: chaos
league: 10 Day Mayhem (ORE004)
typeline: Vaal Orb
price1: chaos
league: 10 Day Mayhem (ORE004)
typeline: Orb of Regret
price1: chaos
league: 10 Day Mayhem (ORE004)
typeline: Vaal Orb
price1: chaos
league: 10 Day Mayhem (ORE004)
typeline: Vaal Orb
price1: chaos
league: 10 Day Mayhem (ORE004)
typeline: Vaal Orb
price1: chaos
league: 10 Day Mayhem (ORE004)
typeline: Vaal Orb
price1: chaos
league: 10 Day Mayhem (ORE004)
typeline: Orb of Regret
price1: chaos
league: 10 Day Mayhem (ORE004)
typeline: Chaos Orb
price1: chaos
league: 10 Day Mayhem HC (ORE005)
typeline: Divine Orb
price1: chaos
league: 10 Day Mayhem (ORE004)
typeline: Vaal Orb
price1: chaos
league: 10 Day Mayhem (ORE004)
typeline: Chromatic Orb
price1: chaos
league: 10 Day Mayhem (ORE004)
typeline: Exalted Orb
price1: chaos
league: 10 Day Mayhem (ORE004)
typeline: Orb of Fusing
price1: chaos
league: 10 Day Mayhem (ORE004)
typeline: Gemcutter's Prism
price1: chaos
league: 10 Day Mayhem (ORE004)
typeline: Orb of Fusing
price1: chaos
league: 10 Day Mayhem HC (ORE005)
typeline: Divine Orb
price1: chaos
league: 10 Day Mayhem (ORE004)
typeline: Chromatic Orb
price1: chaos
league: 10 Day Mayhem (ORE004)
typeline: Gemcutter's Prism
price1: chaos
league: 10 Day Mayhem (ORE004)
typeline: Orb of Alchemy
price1: chaos
league: 10 Day Mayhem (ORE004)
typeline: Chromatic Orb
price1: chaos
league: 10 Day Mayhem (ORE004)
typeline: Divine Orb
price1: chaos
league: 10 Day Mayhem (ORE004)
typeline: Chromatic Orb
price1: chaos
league: 10 Day Mayhem (ORE004)
typeline: Exalted Orb
price1: chaos
league: 10 Day Mayhem (ORE004)
typeline: Orb of Fusing
price1: chaos
league: 10 Day Mayhem (ORE004)
typeline: Divine Orb
price1: chaos
league: 10 Day Mayhem (ORE004)
typeline: Orb of Alchemy
price1: chaos
league: 10 Day Mayhem (ORE004)
typeline: Jeweller's Orb
price1: chaos
league: 10 Day Mayhem (ORE004)
typeline: Orb of Chance
price1: chaos
league: 10 Day Mayhem (ORE004)
typeline: Cartographer's Chisel
price1: chaos
league: 10 Day Mayhem (ORE004)
typeline: Exalted Orb
price1: chaos
league: 10 Day Mayhem (ORE004)
typeline: Chromatic Orb
price1: chaos
league: 10 Day Mayhem (ORE004)
typeline: Silver Coin
price1: chaos
league: 10 Day Mayhem (ORE004)
typeline: Orb of Fusing
price1: chaos
league: 10 Day Mayhem (ORE004)
typeline: Chromatic Orb
price1: chaos
league: 10 Day Mayhem (ORE004)
typeline: Chaos Orb
price1: fuse
league: 10 Day Mayhem (ORE004)
typeline: Orb of Fusing
price1: chaos
league: 10 Day Mayhem (ORE004)
typeline: Divine Orb
price1: chaos
league: 10 Day Mayhem (ORE004)
typeline: Orb of Alchemy
price1: chaos
league: 10 Day Mayhem (ORE004)
typeline: Jeweller's Orb
price1: chaos
league: 10 Day Mayhem (ORE004)
typeline: Orb of Chance
price1: chaos
league: 10 Day Mayhem (ORE004)
typeline: Cartographer's Chisel
price1: chaos
league: 10 Day Mayhem (ORE004)
typeline: Exalted Orb
price1: chaos
league: 10 Day Mayhem (ORE004)
typeline: Chromatic Orb
price1: chaos
league: 10 Day Mayhem (ORE004)
typeline: Silver Coin
price1: chaos
league: 10 Day Mayhem (ORE004)
typeline: Orb of Fusing
price1: chaos
league: 10 Day Mayhem (ORE004)
typeline: Chromatic Orb
price1: chaos
league: 10 Day Mayhem (ORE004)
typeline: Jeweller's Orb
price1: chaos
league: 10 Day Mayhem (ORE004)
typeline: Exalted Orb
price1: chaos
league: 10 Day Mayhem (ORE004)
typeline: Orb of Fusing
price1: chaos
league: 10 Day Mayhem (ORE004)
typeline: Chromatic Orb
price1: chaos
league: 10 Day Mayhem (ORE004)
typeline: Jeweller's Orb
price1: chaos
league: 10 Day Mayhem (ORE004)
typeline: Orb of Fusing
price1: chaos
league: 10 Day Mayhem (ORE004)
typeline: Chromatic Orb
price1: chaos
league: 10 Day Mayhem (ORE004)
typeline: Jeweller's Orb
price1: chaos
league: 10 Day Mayhem (ORE004)
typeline: Chaos Orb
price1: chaos
league: 10 Day Mayhem (ORE004)
typeline: Silver Coin
price1: chaos
league: 10 Day Mayhem (ORE004)
typeline: Orb of Alteration
price1: chaos
league: 10 Day Mayhem HC (ORE005)
typeline: Gemcutter's Prism
price1: chaos
league: 10 Day Mayhem (ORE004)
typeline: Silver Coin
price1: chaos
league: 10 Day Mayhem (ORE004)
typeline: Orb of Alteration
price1: chaos
league: 10 Day Mayhem (ORE004)
typeline: Orb of Fusing
price1: chaos
league: 10 Day Mayhem (ORE004)
typeline: Chromatic Orb
price1: chaos
league: 10 Day Mayhem (ORE004)
typeline: Orb of Regret
price1: chaos
league: 10 Day Mayhem (ORE004)
typeline: Jeweller's Orb
price1: chaos
league: 10 Day Mayhem (ORE004)
typeline: Vaal Orb
price1: chaos
league: 10 Day Mayhem (ORE004)
typeline: Gemcutter's Prism
price1: chaos
league: 10 Day Mayhem (ORE004)
typeline: Jeweller's Orb
price1: chaos
league: 10 Day Mayhem (ORE004)
typeline: Regal Orb
price1: chaos
league: 10 Day Mayhem (ORE004)
typeline: Chromatic Orb
price1: chaos
league: 10 Day Mayhem (ORE004)
typeline: Vaal Orb
price1: chaos
league: 10 Day Mayhem (ORE004)
typeline: Orb of Regret
price1: chaos
league: 10 Day Mayhem (ORE004)
typeline: Orb of Alteration
price1: chaos
league: 10 Day Mayhem (ORE004)
typeline: Orb of Fusing
price1: chaos
league: 10 Day Mayhem (ORE004)
typeline: Gemcutter's Prism
price1: chaos
league: 10 Day Mayhem (ORE004)
typeline: Orb of Scouring
price1: chaos
league: 10 Day Mayhem (ORE004)
typeline: Orb of Alchemy
price1: chaos
league: 10 Day Mayhem (ORE004)
typeline: Divine Orb
price1: chaos
league: 10 Day Mayhem (ORE004)
typeline: Vaal Orb
price1: chaos
league: 10 Day Mayhem (ORE004)
typeline: Gemcutter's Prism
price1: chaos
league: 10 Day Mayhem (ORE004)
typeline: Jeweller's Orb
price1: chaos
league: 10 Day Mayhem (ORE004)
typeline: Regal Orb
price1: chaos
league: 10 Day Mayhem (ORE004)
typeline: Orb of Fusing
price1: chaos
league: 10 Day Mayhem (ORE004)
typeline: Chromatic Orb
price1: chaos
league: 10 Day Mayhem (ORE004)
typeline: Orb of Regret
price1: chaos
league: 10 Day Mayhem (ORE004)
typeline: Jeweller's Orb
price1: chaos
league: 10 Day Mayhem (ORE004)
typeline: Divine Orb
price1: chaos
league: 10 Day Mayhem (ORE004)
typeline: Glassblower's Bauble
price1: chaos
league: 10 Day Mayhem (ORE004)
typeline: Vaal Orb
price1: chaos
league: 10 Day Mayhem (ORE004)
typeline: Gemcutter's Prism
price1: chaos
league: 10 Day Mayhem (ORE004)
typeline: Jeweller's Orb
price1: chaos
league: 10 Day Mayhem (ORE004)
typeline: Regal Orb
price1: chaos
league: 10 Day Mayhem (ORE004)
typeline: Divine Orb
price1: chaos
league: 10 Day Mayhem (ORE004)
typeline: Glassblower's Bauble
price1: chaos
league: 10 Day Mayhem (ORE004)
typeline: Chromatic Orb
price1: chaos
league: 10 Day Mayhem (ORE004)
typeline: Vaal Orb
price1: chaos
league: 10 Day Mayhem (ORE004)
typeline: Orb of Regret
price1: chaos
league: 10 Day Mayhem (ORE004)
typeline: Orb of Alteration
price1: chaos
league: 10 Day Mayhem (ORE004)
typeline: Orb of Fusing
price1: chaos
league: 10 Day Mayhem (ORE004)
typeline: Gemcutter's Prism
price1: chaos
league: 10 Day Mayhem (ORE004)
typeline: Orb of Scouring
price1: chaos
league: 10 Day Mayhem (ORE004)
typeline: Orb of Alchemy
price1: chaos
league: 10 Day Mayhem (ORE004)
typeline: Divine Orb
price1: chaos
league: 10 Day Mayhem (ORE004)
typeline: Glassblower's Bauble
price1: chaos
league: 10 Day Mayhem (ORE004)
typeline: Vaal Orb
price1: chaos
league: 10 Day Mayhem (ORE004)
typeline: Gemcutter's Prism
price1: chaos
league: 10 Day Mayhem (ORE004)
typeline: Jeweller's Orb
price1: chaos
league: 10 Day Mayhem (ORE004)
typeline: Regal Orb
price1: chaos
league: 10 Day Mayhem (ORE004)
typeline: Divine Orb
price1: chaos
league: 10 Day Mayhem (ORE004)
typeline: Glassblower's Bauble
price1: chaos
league: 10 Day Mayhem (ORE004)
typeline: Vaal Orb
price1: chaos
league: 10 Day Mayhem (ORE004)
typeline: Gemcutter's Prism
price1: chaos
league: 10 Day Mayhem (ORE004)
typeline: Jeweller's Orb
price1: chaos
league: 10 Day Mayhem (ORE004)
typeline: Regal Orb
price1: chaos
league: 10 Day Mayhem HC (ORE005)
typeline: Divine Orb
price1: chaos
league: 10 Day Mayhem (ORE004)
typeline: Divine Orb
price1: chaos
league: 10 Day Mayhem (ORE004)
typeline: Glassblower's Bauble
price1: chaos
league: 10 Day Mayhem (ORE004)
typeline: Chromatic Orb
price1: chaos
league: 10 Day Mayhem (ORE004)
typeline: Vaal Orb
price1: chaos
league: 10 Day Mayhem (ORE004)
typeline: Orb of Regret
price1: chaos
league: 10 Day Mayhem (ORE004)
typeline: Orb of Alteration
price1: chaos
league: 10 Day Mayhem (ORE004)
typeline: Orb of Fusing
price1: chaos
league: 10 Day Mayhem (ORE004)
typeline: Gemcutter's Prism
price1: chaos
league: 10 Day Mayhem (ORE004)
typeline: Orb of Scouring
price1: chaos
league: 10 Day Mayhem (ORE004)
typeline: Orb of Alchemy
price1: chaos
